{
    "failed_checks": [
        {
            "file": "/main.tf",
            "findings": [
                {
                    "resource": "aws_route53_zone.cabal_control_zone",
                    "check_ids": [
                        "CKV2_AWS_38",
                        "CKV2_AWS_39"
                    ]
                }
            ]
        }
    ]
}